Яркое солнце,трава зеленеет,
Именинницу нашу,теплом мы согреем.
Много подарков и букеты цветов,
Украсят сегодня этот уютнейший дом.

Тебе опять восемнадцать,остальное всё стаж.
Ты всегда так изящна,когда уходишь в кураж.
Тебе мы сегодня грустить не дадим,
С тобою весь день,танцевать все хотим.

       ПРИПЕВ:

Крепкого здоровья тебе Анют,
Дома продолжай,создавать уют.
Береги себя и не пропадай,
Любим мы тебя ты это знай.

Времени не мало уж прошло,
Воды так много утекло.
А ты какой была,такой осталась,
Сама всего ты в жизни добивалась.

Наша подруга,просто-богиня,
Сегодня она,главная-героиня.
Всю любовь,теплоту дарим мы ей,
Лишь только Анюта,всех нам родней.

А характер у Анны,просто огонь,
Временами бывает,она роковой.
Возьмёт она разом,всех на место поставит,
Но и в верных друзьях,толк она знает.

       ПРИПЕВ:

Крепкого здоровья тебе Анют,
Дома продолжай создавать уют.
Береги себя и не пропадай,
Любим мы тебя,ты это знай.

Времени не мало уж прошло,
Воды так много утекло.
А ты какой была,такой осталась,
Сама всего ты в жизни добивалась.

Тёплая погода,сидим мы в лесу,
В Анину честь,назвали мы звезду.
Налили вина и развели костёр,
За Анино здоровье,синхронно пьём.

Сегодня день рождения у тебя
И хотят поздравить все друзья.
Желаем быть весёлой и конечно счастливой
И быть всегда такой же неповторимой.


       ПРИПЕВ:

Крепкого здоровья тебе Анют,
Дома продолжай создавать уют.
Береги себя и не пропадай,
Любим мы тебя,ты это знай.

Времени не мало уж прошло,
Воды так много утекло.
А ты какой была,такой осталась,
Сама всего ты в жизни добивалась.

