Я простой охранник,больше ничего.
Не имею я дубинку,нет наручников.
Рву я голыми руками,шнурками руки завяжу.
Бью по печени ногами,всех за кражу накажу.

Я охранник магазина,порядок в зале навожу.
Мимо нарушений я не прохожу.
Кто-то неизвестный,взял и что-то там украл.
К нему я подбегу и в челюсть ему дам.

         Припев:

Что бы фары не горели,постоянно впереди,
Всегда глядите,что у вас бывает позади.
Чтоб кровь из носа,снова не пошла,
Регулярно покупашки вы врубайте тормоза.

Я внатуре ЧОПовец,работа моя жизнь.
Не сплю порою сутками не нужно мне семьи.
Я охранник-дерзкий,могу подкинуть я товар.
А потом на кассе,нагло взять и влезть в карман.

А если будут приператься,законами грузить,
Таким я покупателям,легко могу вломить.
Разряда не имею,в армейке не служил.
Но бить всегда людей,очень я любил.

         Припев:

Что бы фары не горели,постоянно впереди,
Всегда глядите,что у вас бывает позади.
Чтоб кровь из носа,снова не пошла,
Регулярно покупашки вы врубайте тормоза.

А если буду пьяный,то внатуре всем хана,
Инвалидами всех сделаю и это завсегда.
Меня не провоцируйте я постоянно злой,
А то валяться будите,с пробитою башкой.

Я простой охранник,или просто контролёр.
В мою смену никогда не проскочит вор.
С любого расстояния,увижу кражу я.
Пусть вор не сомневается,поймаю его я.

         Припев:

Что бы фары не горели,постоянно впереди,
Всегда глядите,что у вас бывает позади.
Чтоб кровь из носа,снова не пошла,
Регулярно покупашки вы врубайте тормоза.











